[0/2] Re-checking globbed directories...
[1/29] Building CXX object app/CMakeFiles/main.dir/__/src/component/OrderGrade.cpp.obj
FAILED: app/CMakeFiles/main.dir/__/src/component/OrderGrade.cpp.obj 
C:\PROGRA~1\JETBRA~1\CLION2~1.3\bin\mingw\bin\G__~1.EXE -D_SILENCE_STDEXT_ARR_ITERS_DEPRECATION_WARNING -IC:/ECS_Cafe/cafe-ecs/src -IC:/ECS_Cafe/cafe-ecs/src/component -IC:/ECS_Cafe/cafe-ecs/src/system -IC:/ECS_Cafe/cafe-ecs/src/entity -isystem C:/ECS_Cafe/cafe-ecs/dependencies/bagel -isystem C:/ECS_Cafe/cafe-ecs/cmake-build-debug/dependencies/SDL/include-revision -isystem C:/ECS_Cafe/cafe-ecs/dependencies/SDL/include -isystem C:/ECS_Cafe/cafe-ecs/dependencies/SDL_image/include -isystem C:/ECS_Cafe/cafe-ecs/dependencies/box2d/src/../include -isystem C:/ECS_Cafe/cafe-ecs/cmake-build-debug/dependencies/box2d/src -isystem C:/ECS_Cafe/cafe-ecs/cmake-build-debug/_deps/json-src/include -std=c++20 -fdiagnostics-color=always -Wall -Wextra -Wshadow -Wpedantic -Wformat=2 -Wcast-align -Wconversion -Wsign-conversion -Wnull-dereference -Wdouble-promotion -Wnon-virtual-dtor -Wold-style-cast -Woverloaded-virtual -Wduplicated-cond -Wduplicated-branches -Wlogical-op -Wno-unused -Wno-unused-parameter -Werror -Wno-old-style-cast -MD -MT app/CMakeFiles/main.dir/__/src/component/OrderGrade.cpp.obj -MF app\CMakeFiles\main.dir\__\src\component\OrderGrade.cpp.obj.d -o app/CMakeFiles/main.dir/__/src/component/OrderGrade.cpp.obj -c C:/ECS_Cafe/cafe-ecs/src/component/OrderGrade.cpp
[2/29] Building CXX object app/CMakeFiles/main.dir/__/src/system/RenderSystem.cpp.obj
FAILED: app/CMakeFiles/main.dir/__/src/system/RenderSystem.cpp.obj 
C:\PROGRA~1\JETBRA~1\CLION2~1.3\bin\mingw\bin\G__~1.EXE -D_SILENCE_STDEXT_ARR_ITERS_DEPRECATION_WARNING -IC:/ECS_Cafe/cafe-ecs/src -IC:/ECS_Cafe/cafe-ecs/src/component -IC:/ECS_Cafe/cafe-ecs/src/system -IC:/ECS_Cafe/cafe-ecs/src/entity -isystem C:/ECS_Cafe/cafe-ecs/dependencies/bagel -isystem C:/ECS_Cafe/cafe-ecs/cmake-build-debug/dependencies/SDL/include-revision -isystem C:/ECS_Cafe/cafe-ecs/dependencies/SDL/include -isystem C:/ECS_Cafe/cafe-ecs/dependencies/SDL_image/include -isystem C:/ECS_Cafe/cafe-ecs/dependencies/box2d/src/../include -isystem C:/ECS_Cafe/cafe-ecs/cmake-build-debug/dependencies/box2d/src -isystem C:/ECS_Cafe/cafe-ecs/cmake-build-debug/_deps/json-src/include -std=c++20 -fdiagnostics-color=always -Wall -Wextra -Wshadow -Wpedantic -Wformat=2 -Wcast-align -Wconversion -Wsign-conversion -Wnull-dereference -Wdouble-promotion -Wnon-virtual-dtor -Wold-style-cast -Woverloaded-virtual -Wduplicated-cond -Wduplicated-branches -Wlogical-op -Wno-unused -Wno-unused-parameter -Werror -Wno-old-style-cast -MD -MT app/CMakeFiles/main.dir/__/src/system/RenderSystem.cpp.obj -MF app\CMakeFiles\main.dir\__\src\system\RenderSystem.cpp.obj.d -o app/CMakeFiles/main.dir/__/src/system/RenderSystem.cpp.obj -c C:/ECS_Cafe/cafe-ecs/src/system/RenderSystem.cpp
[3/29] Building CXX object app/CMakeFiles/main.dir/__/src/system/TransformSystem.cpp.obj
FAILED: app/CMakeFiles/main.dir/__/src/system/TransformSystem.cpp.obj 
C:\PROGRA~1\JETBRA~1\CLION2~1.3\bin\mingw\bin\G__~1.EXE -D_SILENCE_STDEXT_ARR_ITERS_DEPRECATION_WARNING -IC:/ECS_Cafe/cafe-ecs/src -IC:/ECS_Cafe/cafe-ecs/src/component -IC:/ECS_Cafe/cafe-ecs/src/system -IC:/ECS_Cafe/cafe-ecs/src/entity -isystem C:/ECS_Cafe/cafe-ecs/dependencies/bagel -isystem C:/ECS_Cafe/cafe-ecs/cmake-build-debug/dependencies/SDL/include-revision -isystem C:/ECS_Cafe/cafe-ecs/dependencies/SDL/include -isystem C:/ECS_Cafe/cafe-ecs/dependencies/SDL_image/include -isystem C:/ECS_Cafe/cafe-ecs/dependencies/box2d/src/../include -isystem C:/ECS_Cafe/cafe-ecs/cmake-build-debug/dependencies/box2d/src -isystem C:/ECS_Cafe/cafe-ecs/cmake-build-debug/_deps/json-src/include -std=c++20 -fdiagnostics-color=always -Wall -Wextra -Wshadow -Wpedantic -Wformat=2 -Wcast-align -Wconversion -Wsign-conversion -Wnull-dereference -Wdouble-promotion -Wnon-virtual-dtor -Wold-style-cast -Woverloaded-virtual -Wduplicated-cond -Wduplicated-branches -Wlogical-op -Wno-unused -Wno-unused-parameter -Werror -Wno-old-style-cast -MD -MT app/CMakeFiles/main.dir/__/src/system/TransformSystem.cpp.obj -MF app\CMakeFiles\main.dir\__\src\system\TransformSystem.cpp.obj.d -o app/CMakeFiles/main.dir/__/src/system/TransformSystem.cpp.obj -c C:/ECS_Cafe/cafe-ecs/src/system/TransformSystem.cpp
[4/29] Building CXX object app/CMakeFiles/main.dir/__/src/system/LiquidSystem.cpp.obj
FAILED: app/CMakeFiles/main.dir/__/src/system/LiquidSystem.cpp.obj 
C:\PROGRA~1\JETBRA~1\CLION2~1.3\bin\mingw\bin\G__~1.EXE -D_SILENCE_STDEXT_ARR_ITERS_DEPRECATION_WARNING -IC:/ECS_Cafe/cafe-ecs/src -IC:/ECS_Cafe/cafe-ecs/src/component -IC:/ECS_Cafe/cafe-ecs/src/system -IC:/ECS_Cafe/cafe-ecs/src/entity -isystem C:/ECS_Cafe/cafe-ecs/dependencies/bagel -isystem C:/ECS_Cafe/cafe-ecs/cmake-build-debug/dependencies/SDL/include-revision -isystem C:/ECS_Cafe/cafe-ecs/dependencies/SDL/include -isystem C:/ECS_Cafe/cafe-ecs/dependencies/SDL_image/include -isystem C:/ECS_Cafe/cafe-ecs/dependencies/box2d/src/../include -isystem C:/ECS_Cafe/cafe-ecs/cmake-build-debug/dependencies/box2d/src -isystem C:/ECS_Cafe/cafe-ecs/cmake-build-debug/_deps/json-src/include -std=c++20 -fdiagnostics-color=always -Wall -Wextra -Wshadow -Wpedantic -Wformat=2 -Wcast-align -Wconversion -Wsign-conversion -Wnull-dereference -Wdouble-promotion -Wnon-virtual-dtor -Wold-style-cast -Woverloaded-virtual -Wduplicated-cond -Wduplicated-branches -Wlogical-op -Wno-unused -Wno-unused-parameter -Werror -Wno-old-style-cast -MD -MT app/CMakeFiles/main.dir/__/src/system/LiquidSystem.cpp.obj -MF app\CMakeFiles\main.dir\__\src\system\LiquidSystem.cpp.obj.d -o app/CMakeFiles/main.dir/__/src/system/LiquidSystem.cpp.obj -c C:/ECS_Cafe/cafe-ecs/src/system/LiquidSystem.cpp
[5/29] Building CXX object app/CMakeFiles/main.dir/__/src/system/CustomerSystem.cpp.obj
FAILED: app/CMakeFiles/main.dir/__/src/system/CustomerSystem.cpp.obj 
C:\PROGRA~1\JETBRA~1\CLION2~1.3\bin\mingw\bin\G__~1.EXE -D_SILENCE_STDEXT_ARR_ITERS_DEPRECATION_WARNING -IC:/ECS_Cafe/cafe-ecs/src -IC:/ECS_Cafe/cafe-ecs/src/component -IC:/ECS_Cafe/cafe-ecs/src/system -IC:/ECS_Cafe/cafe-ecs/src/entity -isystem C:/ECS_Cafe/cafe-ecs/dependencies/bagel -isystem C:/ECS_Cafe/cafe-ecs/cmake-build-debug/dependencies/SDL/include-revision -isystem C:/ECS_Cafe/cafe-ecs/dependencies/SDL/include -isystem C:/ECS_Cafe/cafe-ecs/dependencies/SDL_image/include -isystem C:/ECS_Cafe/cafe-ecs/dependencies/box2d/src/../include -isystem C:/ECS_Cafe/cafe-ecs/cmake-build-debug/dependencies/box2d/src -isystem C:/ECS_Cafe/cafe-ecs/cmake-build-debug/_deps/json-src/include -std=c++20 -fdiagnostics-color=always -Wall -Wextra -Wshadow -Wpedantic -Wformat=2 -Wcast-align -Wconversion -Wsign-conversion -Wnull-dereference -Wdouble-promotion -Wnon-virtual-dtor -Wold-style-cast -Woverloaded-virtual -Wduplicated-cond -Wduplicated-branches -Wlogical-op -Wno-unused -Wno-unused-parameter -Werror -Wno-old-style-cast -MD -MT app/CMakeFiles/main.dir/__/src/system/CustomerSystem.cpp.obj -MF app\CMakeFiles\main.dir\__\src\system\CustomerSystem.cpp.obj.d -o app/CMakeFiles/main.dir/__/src/system/CustomerSystem.cpp.obj -c C:/ECS_Cafe/cafe-ecs/src/system/CustomerSystem.cpp
[6/29] Building CXX object app/CMakeFiles/main.dir/__/src/system/CheckBeverageSystem.cpp.obj
FAILED: app/CMakeFiles/main.dir/__/src/system/CheckBeverageSystem.cpp.obj 
C:\PROGRA~1\JETBRA~1\CLION2~1.3\bin\mingw\bin\G__~1.EXE -D_SILENCE_STDEXT_ARR_ITERS_DEPRECATION_WARNING -IC:/ECS_Cafe/cafe-ecs/src -IC:/ECS_Cafe/cafe-ecs/src/component -IC:/ECS_Cafe/cafe-ecs/src/system -IC:/ECS_Cafe/cafe-ecs/src/entity -isystem C:/ECS_Cafe/cafe-ecs/dependencies/bagel -isystem C:/ECS_Cafe/cafe-ecs/cmake-build-debug/dependencies/SDL/include-revision -isystem C:/ECS_Cafe/cafe-ecs/dependencies/SDL/include -isystem C:/ECS_Cafe/cafe-ecs/dependencies/SDL_image/include -isystem C:/ECS_Cafe/cafe-ecs/dependencies/box2d/src/../include -isystem C:/ECS_Cafe/cafe-ecs/cmake-build-debug/dependencies/box2d/src -isystem C:/ECS_Cafe/cafe-ecs/cmake-build-debug/_deps/json-src/include -std=c++20 -fdiagnostics-color=always -Wall -Wextra -Wshadow -Wpedantic -Wformat=2 -Wcast-align -Wconversion -Wsign-conversion -Wnull-dereference -Wdouble-promotion -Wnon-virtual-dtor -Wold-style-cast -Woverloaded-virtual -Wduplicated-cond -Wduplicated-branches -Wlogical-op -Wno-unused -Wno-unused-parameter -Werror -Wno-old-style-cast -MD -MT app/CMakeFiles/main.dir/__/src/system/CheckBeverageSystem.cpp.obj -MF app\CMakeFiles\main.dir\__\src\system\CheckBeverageSystem.cpp.obj.d -o app/CMakeFiles/main.dir/__/src/system/CheckBeverageSystem.cpp.obj -c C:/ECS_Cafe/cafe-ecs/src/system/CheckBeverageSystem.cpp
[7/29] Building CXX object app/CMakeFiles/main.dir/__/src/system/DragAndDropSystem.cpp.obj
FAILED: app/CMakeFiles/main.dir/__/src/system/DragAndDropSystem.cpp.obj 
C:\PROGRA~1\JETBRA~1\CLION2~1.3\bin\mingw\bin\G__~1.EXE -D_SILENCE_STDEXT_ARR_ITERS_DEPRECATION_WARNING -IC:/ECS_Cafe/cafe-ecs/src -IC:/ECS_Cafe/cafe-ecs/src/component -IC:/ECS_Cafe/cafe-ecs/src/system -IC:/ECS_Cafe/cafe-ecs/src/entity -isystem C:/ECS_Cafe/cafe-ecs/dependencies/bagel -isystem C:/ECS_Cafe/cafe-ecs/cmake-build-debug/dependencies/SDL/include-revision -isystem C:/ECS_Cafe/cafe-ecs/dependencies/SDL/include -isystem C:/ECS_Cafe/cafe-ecs/dependencies/SDL_image/include -isystem C:/ECS_Cafe/cafe-ecs/dependencies/box2d/src/../include -isystem C:/ECS_Cafe/cafe-ecs/cmake-build-debug/dependencies/box2d/src -isystem C:/ECS_Cafe/cafe-ecs/cmake-build-debug/_deps/json-src/include -std=c++20 -fdiagnostics-color=always -Wall -Wextra -Wshadow -Wpedantic -Wformat=2 -Wcast-align -Wconversion -Wsign-conversion -Wnull-dereference -Wdouble-promotion -Wnon-virtual-dtor -Wold-style-cast -Woverloaded-virtual -Wduplicated-cond -Wduplicated-branches -Wlogical-op -Wno-unused -Wno-unused-parameter -Werror -Wno-old-style-cast -MD -MT app/CMakeFiles/main.dir/__/src/system/DragAndDropSystem.cpp.obj -MF app\CMakeFiles\main.dir\__\src\system\DragAndDropSystem.cpp.obj.d -o app/CMakeFiles/main.dir/__/src/system/DragAndDropSystem.cpp.obj -c C:/ECS_Cafe/cafe-ecs/src/system/DragAndDropSystem.cpp
[8/29] Building CXX object app/CMakeFiles/main.dir/__/src/system/IntentSystem.cpp.obj
FAILED: app/CMakeFiles/main.dir/__/src/system/IntentSystem.cpp.obj 
C:\PROGRA~1\JETBRA~1\CLION2~1.3\bin\mingw\bin\G__~1.EXE -D_SILENCE_STDEXT_ARR_ITERS_DEPRECATION_WARNING -IC:/ECS_Cafe/cafe-ecs/src -IC:/ECS_Cafe/cafe-ecs/src/component -IC:/ECS_Cafe/cafe-ecs/src/system -IC:/ECS_Cafe/cafe-ecs/src/entity -isystem C:/ECS_Cafe/cafe-ecs/dependencies/bagel -isystem C:/ECS_Cafe/cafe-ecs/cmake-build-debug/dependencies/SDL/include-revision -isystem C:/ECS_Cafe/cafe-ecs/dependencies/SDL/include -isystem C:/ECS_Cafe/cafe-ecs/dependencies/SDL_image/include -isystem C:/ECS_Cafe/cafe-ecs/dependencies/box2d/src/../include -isystem C:/ECS_Cafe/cafe-ecs/cmake-build-debug/dependencies/box2d/src -isystem C:/ECS_Cafe/cafe-ecs/cmake-build-debug/_deps/json-src/include -std=c++20 -fdiagnostics-color=always -Wall -Wextra -Wshadow -Wpedantic -Wformat=2 -Wcast-align -Wconversion -Wsign-conversion -Wnull-dereference -Wdouble-promotion -Wnon-virtual-dtor -Wold-style-cast -Woverloaded-virtual -Wduplicated-cond -Wduplicated-branches -Wlogical-op -Wno-unused -Wno-unused-parameter -Werror -Wno-old-style-cast -MD -MT app/CMakeFiles/main.dir/__/src/system/IntentSystem.cpp.obj -MF app\CMakeFiles\main.dir\__\src\system\IntentSystem.cpp.obj.d -o app/CMakeFiles/main.dir/__/src/system/IntentSystem.cpp.obj -c C:/ECS_Cafe/cafe-ecs/src/system/IntentSystem.cpp
[9/29] Building CXX object app/CMakeFiles/main.dir/__/src/system/SupplySystem.cpp.obj
FAILED: app/CMakeFiles/main.dir/__/src/system/SupplySystem.cpp.obj 
C:\PROGRA~1\JETBRA~1\CLION2~1.3\bin\mingw\bin\G__~1.EXE -D_SILENCE_STDEXT_ARR_ITERS_DEPRECATION_WARNING -IC:/ECS_Cafe/cafe-ecs/src -IC:/ECS_Cafe/cafe-ecs/src/component -IC:/ECS_Cafe/cafe-ecs/src/system -IC:/ECS_Cafe/cafe-ecs/src/entity -isystem C:/ECS_Cafe/cafe-ecs/dependencies/bagel -isystem C:/ECS_Cafe/cafe-ecs/cmake-build-debug/dependencies/SDL/include-revision -isystem C:/ECS_Cafe/cafe-ecs/dependencies/SDL/include -isystem C:/ECS_Cafe/cafe-ecs/dependencies/SDL_image/include -isystem C:/ECS_Cafe/cafe-ecs/dependencies/box2d/src/../include -isystem C:/ECS_Cafe/cafe-ecs/cmake-build-debug/dependencies/box2d/src -isystem C:/ECS_Cafe/cafe-ecs/cmake-build-debug/_deps/json-src/include -std=c++20 -fdiagnostics-color=always -Wall -Wextra -Wshadow -Wpedantic -Wformat=2 -Wcast-align -Wconversion -Wsign-conversion -Wnull-dereference -Wdouble-promotion -Wnon-virtual-dtor -Wold-style-cast -Woverloaded-virtual -Wduplicated-cond -Wduplicated-branches -Wlogical-op -Wno-unused -Wno-unused-parameter -Werror -Wno-old-style-cast -MD -MT app/CMakeFiles/main.dir/__/src/system/SupplySystem.cpp.obj -MF app\CMakeFiles\main.dir\__\src\system\SupplySystem.cpp.obj.d -o app/CMakeFiles/main.dir/__/src/system/SupplySystem.cpp.obj -c C:/ECS_Cafe/cafe-ecs/src/system/SupplySystem.cpp
[10/29] Building CXX object app/CMakeFiles/main.dir/__/src/system/SensorSystem.cpp.obj
FAILED: app/CMakeFiles/main.dir/__/src/system/SensorSystem.cpp.obj 
C:\PROGRA~1\JETBRA~1\CLION2~1.3\bin\mingw\bin\G__~1.EXE -D_SILENCE_STDEXT_ARR_ITERS_DEPRECATION_WARNING -IC:/ECS_Cafe/cafe-ecs/src -IC:/ECS_Cafe/cafe-ecs/src/component -IC:/ECS_Cafe/cafe-ecs/src/system -IC:/ECS_Cafe/cafe-ecs/src/entity -isystem C:/ECS_Cafe/cafe-ecs/dependencies/bagel -isystem C:/ECS_Cafe/cafe-ecs/cmake-build-debug/dependencies/SDL/include-revision -isystem C:/ECS_Cafe/cafe-ecs/dependencies/SDL/include -isystem C:/ECS_Cafe/cafe-ecs/dependencies/SDL_image/include -isystem C:/ECS_Cafe/cafe-ecs/dependencies/box2d/src/../include -isystem C:/ECS_Cafe/cafe-ecs/cmake-build-debug/dependencies/box2d/src -isystem C:/ECS_Cafe/cafe-ecs/cmake-build-debug/_deps/json-src/include -std=c++20 -fdiagnostics-color=always -Wall -Wextra -Wshadow -Wpedantic -Wformat=2 -Wcast-align -Wconversion -Wsign-conversion -Wnull-dereference -Wdouble-promotion -Wnon-virtual-dtor -Wold-style-cast -Woverloaded-virtual -Wduplicated-cond -Wduplicated-branches -Wlogical-op -Wno-unused -Wno-unused-parameter -Werror -Wno-old-style-cast -MD -MT app/CMakeFiles/main.dir/__/src/system/SensorSystem.cpp.obj -MF app\CMakeFiles\main.dir\__\src\system\SensorSystem.cpp.obj.d -o app/CMakeFiles/main.dir/__/src/system/SensorSystem.cpp.obj -c C:/ECS_Cafe/cafe-ecs/src/system/SensorSystem.cpp
[11/29] Building CXX object app/CMakeFiles/main.dir/__/src/system/CoffeeMachineSystem.cpp.obj
FAILED: app/CMakeFiles/main.dir/__/src/system/CoffeeMachineSystem.cpp.obj 
C:\PROGRA~1\JETBRA~1\CLION2~1.3\bin\mingw\bin\G__~1.EXE -D_SILENCE_STDEXT_ARR_ITERS_DEPRECATION_WARNING -IC:/ECS_Cafe/cafe-ecs/src -IC:/ECS_Cafe/cafe-ecs/src/component -IC:/ECS_Cafe/cafe-ecs/src/system -IC:/ECS_Cafe/cafe-ecs/src/entity -isystem C:/ECS_Cafe/cafe-ecs/dependencies/bagel -isystem C:/ECS_Cafe/cafe-ecs/cmake-build-debug/dependencies/SDL/include-revision -isystem C:/ECS_Cafe/cafe-ecs/dependencies/SDL/include -isystem C:/ECS_Cafe/cafe-ecs/dependencies/SDL_image/include -isystem C:/ECS_Cafe/cafe-ecs/dependencies/box2d/src/../include -isystem C:/ECS_Cafe/cafe-ecs/cmake-build-debug/dependencies/box2d/src -isystem C:/ECS_Cafe/cafe-ecs/cmake-build-debug/_deps/json-src/include -std=c++20 -fdiagnostics-color=always -Wall -Wextra -Wshadow -Wpedantic -Wformat=2 -Wcast-align -Wconversion -Wsign-conversion -Wnull-dereference -Wdouble-promotion -Wnon-virtual-dtor -Wold-style-cast -Woverloaded-virtual -Wduplicated-cond -Wduplicated-branches -Wlogical-op -Wno-unused -Wno-unused-parameter -Werror -Wno-old-style-cast -MD -MT app/CMakeFiles/main.dir/__/src/system/CoffeeMachineSystem.cpp.obj -MF app\CMakeFiles\main.dir\__\src\system\CoffeeMachineSystem.cpp.obj.d -o app/CMakeFiles/main.dir/__/src/system/CoffeeMachineSystem.cpp.obj -c C:/ECS_Cafe/cafe-ecs/src/system/CoffeeMachineSystem.cpp
[12/29] Building CXX object app/CMakeFiles/main.dir/__/src/entity/CupFactory.cpp.obj
FAILED: app/CMakeFiles/main.dir/__/src/entity/CupFactory.cpp.obj 
C:\PROGRA~1\JETBRA~1\CLION2~1.3\bin\mingw\bin\G__~1.EXE -D_SILENCE_STDEXT_ARR_ITERS_DEPRECATION_WARNING -IC:/ECS_Cafe/cafe-ecs/src -IC:/ECS_Cafe/cafe-ecs/src/component -IC:/ECS_Cafe/cafe-ecs/src/system -IC:/ECS_Cafe/cafe-ecs/src/entity -isystem C:/ECS_Cafe/cafe-ecs/dependencies/bagel -isystem C:/ECS_Cafe/cafe-ecs/cmake-build-debug/dependencies/SDL/include-revision -isystem C:/ECS_Cafe/cafe-ecs/dependencies/SDL/include -isystem C:/ECS_Cafe/cafe-ecs/dependencies/SDL_image/include -isystem C:/ECS_Cafe/cafe-ecs/dependencies/box2d/src/../include -isystem C:/ECS_Cafe/cafe-ecs/cmake-build-debug/dependencies/box2d/src -isystem C:/ECS_Cafe/cafe-ecs/cmake-build-debug/_deps/json-src/include -std=c++20 -fdiagnostics-color=always -Wall -Wextra -Wshadow -Wpedantic -Wformat=2 -Wcast-align -Wconversion -Wsign-conversion -Wnull-dereference -Wdouble-promotion -Wnon-virtual-dtor -Wold-style-cast -Woverloaded-virtual -Wduplicated-cond -Wduplicated-branches -Wlogical-op -Wno-unused -Wno-unused-parameter -Werror -Wno-old-style-cast -MD -MT app/CMakeFiles/main.dir/__/src/entity/CupFactory.cpp.obj -MF app\CMakeFiles\main.dir\__\src\entity\CupFactory.cpp.obj.d -o app/CMakeFiles/main.dir/__/src/entity/CupFactory.cpp.obj -c C:/ECS_Cafe/cafe-ecs/src/entity/CupFactory.cpp
[13/29] Building CXX object app/CMakeFiles/main.dir/__/src/entity/LiquidDropFactory.cpp.obj
FAILED: app/CMakeFiles/main.dir/__/src/entity/LiquidDropFactory.cpp.obj 
C:\PROGRA~1\JETBRA~1\CLION2~1.3\bin\mingw\bin\G__~1.EXE -D_SILENCE_STDEXT_ARR_ITERS_DEPRECATION_WARNING -IC:/ECS_Cafe/cafe-ecs/src -IC:/ECS_Cafe/cafe-ecs/src/component -IC:/ECS_Cafe/cafe-ecs/src/system -IC:/ECS_Cafe/cafe-ecs/src/entity -isystem C:/ECS_Cafe/cafe-ecs/dependencies/bagel -isystem C:/ECS_Cafe/cafe-ecs/cmake-build-debug/dependencies/SDL/include-revision -isystem C:/ECS_Cafe/cafe-ecs/dependencies/SDL/include -isystem C:/ECS_Cafe/cafe-ecs/dependencies/SDL_image/include -isystem C:/ECS_Cafe/cafe-ecs/dependencies/box2d/src/../include -isystem C:/ECS_Cafe/cafe-ecs/cmake-build-debug/dependencies/box2d/src -isystem C:/ECS_Cafe/cafe-ecs/cmake-build-debug/_deps/json-src/include -std=c++20 -fdiagnostics-color=always -Wall -Wextra -Wshadow -Wpedantic -Wformat=2 -Wcast-align -Wconversion -Wsign-conversion -Wnull-dereference -Wdouble-promotion -Wnon-virtual-dtor -Wold-style-cast -Woverloaded-virtual -Wduplicated-cond -Wduplicated-branches -Wlogical-op -Wno-unused -Wno-unused-parameter -Werror -Wno-old-style-cast -MD -MT app/CMakeFiles/main.dir/__/src/entity/LiquidDropFactory.cpp.obj -MF app\CMakeFiles\main.dir\__\src\entity\LiquidDropFactory.cpp.obj.d -o app/CMakeFiles/main.dir/__/src/entity/LiquidDropFactory.cpp.obj -c C:/ECS_Cafe/cafe-ecs/src/entity/LiquidDropFactory.cpp
[14/29] Building CXX object app/CMakeFiles/main.dir/__/src/entity/CoffeeMachineFactory.cpp.obj
FAILED: app/CMakeFiles/main.dir/__/src/entity/CoffeeMachineFactory.cpp.obj 
C:\PROGRA~1\JETBRA~1\CLION2~1.3\bin\mingw\bin\G__~1.EXE -D_SILENCE_STDEXT_ARR_ITERS_DEPRECATION_WARNING -IC:/ECS_Cafe/cafe-ecs/src -IC:/ECS_Cafe/cafe-ecs/src/component -IC:/ECS_Cafe/cafe-ecs/src/system -IC:/ECS_Cafe/cafe-ecs/src/entity -isystem C:/ECS_Cafe/cafe-ecs/dependencies/bagel -isystem C:/ECS_Cafe/cafe-ecs/cmake-build-debug/dependencies/SDL/include-revision -isystem C:/ECS_Cafe/cafe-ecs/dependencies/SDL/include -isystem C:/ECS_Cafe/cafe-ecs/dependencies/SDL_image/include -isystem C:/ECS_Cafe/cafe-ecs/dependencies/box2d/src/../include -isystem C:/ECS_Cafe/cafe-ecs/cmake-build-debug/dependencies/box2d/src -isystem C:/ECS_Cafe/cafe-ecs/cmake-build-debug/_deps/json-src/include -std=c++20 -fdiagnostics-color=always -Wall -Wextra -Wshadow -Wpedantic -Wformat=2 -Wcast-align -Wconversion -Wsign-conversion -Wnull-dereference -Wdouble-promotion -Wnon-virtual-dtor -Wold-style-cast -Woverloaded-virtual -Wduplicated-cond -Wduplicated-branches -Wlogical-op -Wno-unused -Wno-unused-parameter -Werror -Wno-old-style-cast -MD -MT app/CMakeFiles/main.dir/__/src/entity/CoffeeMachineFactory.cpp.obj -MF app\CMakeFiles\main.dir\__\src\entity\CoffeeMachineFactory.cpp.obj.d -o app/CMakeFiles/main.dir/__/src/entity/CoffeeMachineFactory.cpp.obj -c C:/ECS_Cafe/cafe-ecs/src/entity/CoffeeMachineFactory.cpp
ninja: build stopped: subcommand failed.
